AdvantageSet starts
SinglesGame starts
Federer serves and wins
Federer        15
Nadal          00
Federer serves and loses
Federer        15
Nadal          15
Federer serves and wins
Federer        30
Nadal          15
Federer serves and loses
Federer        30
Nadal          30
Federer serves and wins
Federer        40
Nadal          30
Federer serves and loses
Federer        40
Nadal          40
Federer serves and loses
Federer        40
Nadal          Advantage
Federer serves and wins
Federer        40
Nadal          40
Federer serves and loses
Federer        40
Nadal          Advantage
Federer serves and loses
Federer        40
Nadal          Game
Nadal wins SinglesGame

Federer        0
Nadal          1
SinglesGame starts
Nadal serves and wins
Federer        00
Nadal          15
Nadal serves and wins
Federer        00
Nadal          30
Nadal serves and wins
Federer        00
Nadal          40
Nadal serves and wins
Federer        00
Nadal          Game
Nadal wins SinglesGame

Federer        0
Nadal          2
SinglesGame starts
Federer serves and wins
Federer        15
Nadal          00
Federer serves and loses
Federer        15
Nadal          15
Federer serves and wins
Federer        30
Nadal          15
Federer serves and loses
Federer        30
Nadal          30
Federer serves and loses
Federer        30
Nadal          40
Federer serves and loses
Federer        30
Nadal          Game
Nadal wins SinglesGame

Federer        0
Nadal          3
SinglesGame starts
Nadal serves and wins
Federer        00
Nadal          15
Nadal serves and wins
Federer        00
Nadal          30
Nadal serves and wins
Federer        00
Nadal          40
Nadal serves and loses
Federer        15
Nadal          40
Nadal serves and wins
Federer        15
Nadal          Game
Nadal wins SinglesGame

Federer        0
Nadal          4
SinglesGame starts
Federer serves and loses
Federer        00
Nadal          15
Federer serves and loses
Federer        00
Nadal          30
Federer serves and loses
Federer        00
Nadal          40
Federer serves and wins
Federer        15
Nadal          40
Federer serves and loses
Federer        15
Nadal          Game
Nadal wins SinglesGame

Federer        0
Nadal          5
SinglesGame starts
Nadal serves and wins
Federer        00
Nadal          15
Nadal serves and loses
Federer        15
Nadal          15
Nadal serves and wins
Federer        15
Nadal          30
Nadal serves and loses
Federer        30
Nadal          30
Nadal serves and wins
Federer        30
Nadal          40
Nadal serves and wins
Federer        30
Nadal          Game
Nadal wins SinglesGame

Federer        0
Nadal          6
Nadal wins AdvantageSet

AdvantageSet starts
SinglesGame starts
Federer serves and wins
Federer        15
Nadal          00
Federer serves and wins
Federer        30
Nadal          00
Federer serves and wins
Federer        40
Nadal          00
Federer serves and loses
Federer        40
Nadal          15
Federer serves and loses
Federer        40
Nadal          30
Federer serves and loses
Federer        40
Nadal          40
Federer serves and wins
Federer        Advantage
Nadal          40
Federer serves and loses
Federer        40
Nadal          40
Federer serves and wins
Federer        Advantage
Nadal          40
Federer serves and loses
Federer        40
Nadal          40
Federer serves and wins
Federer        Advantage
Nadal          40
Federer serves and loses
Federer        40
Nadal          40
Federer serves and loses
Federer        40
Nadal          Advantage
Federer serves and wins
Federer        40
Nadal          40
Federer serves and wins
Federer        Advantage
Nadal          40
Federer serves and wins
Federer        Game
Nadal          40
Federer wins SinglesGame

Federer        1
Nadal          0
SinglesGame starts
Nadal serves and wins
Federer        00
Nadal          15
Nadal serves and wins
Federer        00
Nadal          30
Nadal serves and loses
Federer        15
Nadal          30
Nadal serves and loses
Federer        30
Nadal          30
Nadal serves and wins
Federer        30
Nadal          40
Nadal serves and wins
Federer        30
Nadal          Game
Nadal wins SinglesGame

Federer        1
Nadal          1
SinglesGame starts
Federer serves and wins
Federer        15
Nadal          00
Federer serves and wins
Federer        30
Nadal          00
Federer serves and loses
Federer        30
Nadal          15
Federer serves and loses
Federer        30
Nadal          30
Federer serves and wins
Federer        40
Nadal          30
Federer serves and wins
Federer        Game
Nadal          30
Federer wins SinglesGame

Federer        2
Nadal          1
SinglesGame starts
Nadal serves and wins
Federer        00
Nadal          15
Nadal serves and wins
Federer        00
Nadal          30
Nadal serves and wins
Federer        00
Nadal          40
Nadal serves and loses
Federer        15
Nadal          40
Nadal serves and loses
Federer        30
Nadal          40
Nadal serves and loses
Federer        40
Nadal          40
Nadal serves and loses
Federer        Advantage
Nadal          40
Nadal serves and wins
Federer        40
Nadal          40
Nadal serves and wins
Federer        40
Nadal          Advantage
Nadal serves and loses
Federer        40
Nadal          40
Nadal serves and loses
Federer        Advantage
Nadal          40
Nadal serves and wins
Federer        40
Nadal          40
Nadal serves and loses
Federer        Advantage
Nadal          40
Nadal serves and loses
Federer        Game
Nadal          40
Federer wins SinglesGame

Federer        3
Nadal          1
SinglesGame starts
Federer serves and loses
Federer        00
Nadal          15
Federer serves and wins
Federer        15
Nadal          15
Federer serves and wins
Federer        30
Nadal          15
Federer serves and wins
Federer        40
Nadal          15
Federer serves and loses
Federer        40
Nadal          30
Federer serves and loses
Federer        40
Nadal          40
Federer serves and loses
Federer        40
Nadal          Advantage
Federer serves and wins
Federer        40
Nadal          40
Federer serves and loses
Federer        40
Nadal          Advantage
Federer serves and loses
Federer        40
Nadal          Game
Nadal wins SinglesGame

Federer        3
Nadal          2
SinglesGame starts
Nadal serves and wins
Federer        00
Nadal          15
Nadal serves and loses
Federer        15
Nadal          15
Nadal serves and wins
Federer        15
Nadal          30
Nadal serves and loses
Federer        30
Nadal          30
Nadal serves and loses
Federer        40
Nadal          30
Nadal serves and loses
Federer        Game
Nadal          30
Federer wins SinglesGame

Federer        4
Nadal          2
SinglesGame starts
Federer serves and loses
Federer        00
Nadal          15
Federer serves and wins
Federer        15
Nadal          15
Federer serves and loses
Federer        15
Nadal          30
Federer serves and loses
Federer        15
Nadal          40
Federer serves and loses
Federer        15
Nadal          Game
Nadal wins SinglesGame

Federer        4
Nadal          3
SinglesGame starts
Nadal serves and wins
Federer        00
Nadal          15
Nadal serves and wins
Federer        00
Nadal          30
Nadal serves and wins
Federer        00
Nadal          40
Nadal serves and wins
Federer        00
Nadal          Game
Nadal wins SinglesGame

Federer        4
Nadal          4
SinglesGame starts
Federer serves and loses
Federer        00
Nadal          15
Federer serves and loses
Federer        00
Nadal          30
Federer serves and wins
Federer        15
Nadal          30
Federer serves and loses
Federer        15
Nadal          40
Federer serves and loses
Federer        15
Nadal          Game
Nadal wins SinglesGame

Federer        4
Nadal          5
SinglesGame starts
Nadal serves and wins
Federer        00
Nadal          15
Nadal serves and wins
Federer        00
Nadal          30
Nadal serves and loses
Federer        15
Nadal          30
Nadal serves and loses
Federer        30
Nadal          30
Nadal serves and loses
Federer        40
Nadal          30
Nadal serves and loses
Federer        Game
Nadal          30
Federer wins SinglesGame

Federer        5
Nadal          5
SinglesGame starts
Federer serves and wins
Federer        15
Nadal          00
Federer serves and wins
Federer        30
Nadal          00
Federer serves and wins
Federer        40
Nadal          00
Federer serves and loses
Federer        40
Nadal          15
Federer serves and wins
Federer        Game
Nadal          15
Federer wins SinglesGame

Federer        6
Nadal          5
SinglesGame starts
Nadal serves and wins
Federer        00
Nadal          15
Nadal serves and loses
Federer        15
Nadal          15
Nadal serves and loses
Federer        30
Nadal          15
Nadal serves and wins
Federer        30
Nadal          30
Nadal serves and loses
Federer        40
Nadal          30
Nadal serves and wins
Federer        40
Nadal          40
Nadal serves and wins
Federer        40
Nadal          Advantage
Nadal serves and wins
Federer        40
Nadal          Game
Nadal wins SinglesGame

Federer        6
Nadal          6
SinglesGame starts
Federer serves and loses
Federer        00
Nadal          15
Federer serves and wins
Federer        15
Nadal          15
Federer serves and loses
Federer        15
Nadal          30
Federer serves and loses
Federer        15
Nadal          40
Federer serves and wins
Federer        30
Nadal          40
Federer serves and loses
Federer        30
Nadal          Game
Nadal wins SinglesGame

Federer        6
Nadal          7
SinglesGame starts
Nadal serves and wins
Federer        00
Nadal          15
Nadal serves and loses
Federer        15
Nadal          15
Nadal serves and wins
Federer        15
Nadal          30
Nadal serves and loses
Federer        30
Nadal          30
Nadal serves and loses
Federer        40
Nadal          30
Nadal serves and wins
Federer        40
Nadal          40
Nadal serves and wins
Federer        40
Nadal          Advantage
Nadal serves and wins
Federer        40
Nadal          Game
Nadal wins SinglesGame

Federer        6
Nadal          8
Nadal wins AdvantageSet

AdvantageSet starts
SinglesGame starts
Federer serves and wins
Federer        15
Nadal          00
Federer serves and wins
Federer        30
Nadal          00
Federer serves and loses
Federer        30
Nadal          15
Federer serves and loses
Federer        30
Nadal          30
Federer serves and wins
Federer        40
Nadal          30
Federer serves and loses
Federer        40
Nadal          40
Federer serves and loses
Federer        40
Nadal          Advantage
Federer serves and wins
Federer        40
Nadal          40
Federer serves and loses
Federer        40
Nadal          Advantage
Federer serves and loses
Federer        40
Nadal          Game
Nadal wins SinglesGame

Federer        0
Nadal          1
SinglesGame starts
Nadal serves and wins
Federer        00
Nadal          15
Nadal serves and loses
Federer        15
Nadal          15
Nadal serves and wins
Federer        15
Nadal          30
Nadal serves and wins
Federer        15
Nadal          40
Nadal serves and loses
Federer        30
Nadal          40
Nadal serves and loses
Federer        40
Nadal          40
Nadal serves and wins
Federer        40
Nadal          Advantage
Nadal serves and wins
Federer        40
Nadal          Game
Nadal wins SinglesGame

Federer        0
Nadal          2
SinglesGame starts
Federer serves and wins
Federer        15
Nadal          00
Federer serves and loses
Federer        15
Nadal          15
Federer serves and loses
Federer        15
Nadal          30
Federer serves and wins
Federer        30
Nadal          30
Federer serves and wins
Federer        40
Nadal          30
Federer serves and wins
Federer        Game
Nadal          30
Federer wins SinglesGame

Federer        1
Nadal          2
SinglesGame starts
Nadal serves and wins
Federer        00
Nadal          15
Nadal serves and wins
Federer        00
Nadal          30
Nadal serves and wins
Federer        00
Nadal          40
Nadal serves and wins
Federer        00
Nadal          Game
Nadal wins SinglesGame

Federer        1
Nadal          3
SinglesGame starts
Federer serves and wins
Federer        15
Nadal          00
Federer serves and wins
Federer        30
Nadal          00
Federer serves and wins
Federer        40
Nadal          00
Federer serves and wins
Federer        Game
Nadal          00
Federer wins SinglesGame

Federer        2
Nadal          3
SinglesGame starts
Nadal serves and loses
Federer        15
Nadal          00
Nadal serves and loses
Federer        30
Nadal          00
Nadal serves and wins
Federer        30
Nadal          15
Nadal serves and loses
Federer        40
Nadal          15
Nadal serves and wins
Federer        40
Nadal          30
Nadal serves and wins
Federer        40
Nadal          40
Nadal serves and wins
Federer        40
Nadal          Advantage
Nadal serves and wins
Federer        40
Nadal          Game
Nadal wins SinglesGame

Federer        2
Nadal          4
SinglesGame starts
Federer serves and wins
Federer        15
Nadal          00
Federer serves and loses
Federer        15
Nadal          15
Federer serves and wins
Federer        30
Nadal          15
Federer serves and wins
Federer        40
Nadal          15
Federer serves and wins
Federer        Game
Nadal          15
Federer wins SinglesGame

Federer        3
Nadal          4
SinglesGame starts
Nadal serves and wins
Federer        00
Nadal          15
Nadal serves and wins
Federer        00
Nadal          30
Nadal serves and loses
Federer        15
Nadal          30
Nadal serves and wins
Federer        15
Nadal          40
Nadal serves and loses
Federer        30
Nadal          40
Nadal serves and loses
Federer        40
Nadal          40
Nadal serves and wins
Federer        40
Nadal          Advantage
Nadal serves and wins
Federer        40
Nadal          Game
Nadal wins SinglesGame

Federer        3
Nadal          5
SinglesGame starts
Federer serves and loses
Federer        00
Nadal          15
Federer serves and loses
Federer        00
Nadal          30
Federer serves and loses
Federer        00
Nadal          40
Federer serves and loses
Federer        00
Nadal          Game
Nadal wins SinglesGame

Federer        3
Nadal          6
Nadal wins AdvantageSet

AdvantageSet starts
SinglesGame starts
Federer serves and wins
Federer        15
Nadal          00
Federer serves and loses
Federer        15
Nadal          15
Federer serves and wins
Federer        30
Nadal          15
Federer serves and wins
Federer        40
Nadal          15
Federer serves and wins
Federer        Game
Nadal          15
Federer wins SinglesGame

Federer        1
Nadal          0
SinglesGame starts
Nadal serves and loses
Federer        15
Nadal          00
Nadal serves and wins
Federer        15
Nadal          15
Nadal serves and wins
Federer        15
Nadal          30
Nadal serves and wins
Federer        15
Nadal          40
Nadal serves and loses
Federer        30
Nadal          40
Nadal serves and wins
Federer        30
Nadal          Game
Nadal wins SinglesGame

Federer        1
Nadal          1
SinglesGame starts
Federer serves and loses
Federer        00
Nadal          15
Federer serves and loses
Federer        00
Nadal          30
Federer serves and wins
Federer        15
Nadal          30
Federer serves and wins
Federer        30
Nadal          30
Federer serves and loses
Federer        30
Nadal          40
Federer serves and wins
Federer        40
Nadal          40
Federer serves and wins
Federer        Advantage
Nadal          40
Federer serves and wins
Federer        Game
Nadal          40
Federer wins SinglesGame

Federer        2
Nadal          1
SinglesGame starts
Nadal serves and wins
Federer        00
Nadal          15
Nadal serves and wins
Federer        00
Nadal          30
Nadal serves and loses
Federer        15
Nadal          30
Nadal serves and wins
Federer        15
Nadal          40
Nadal serves and loses
Federer        30
Nadal          40
Nadal serves and loses
Federer        40
Nadal          40
Nadal serves and wins
Federer        40
Nadal          Advantage
Nadal serves and wins
Federer        40
Nadal          Game
Nadal wins SinglesGame

Federer        2
Nadal          2
SinglesGame starts
Federer serves and loses
Federer        00
Nadal          15
Federer serves and loses
Federer        00
Nadal          30
Federer serves and wins
Federer        15
Nadal          30
Federer serves and loses
Federer        15
Nadal          40
Federer serves and loses
Federer        15
Nadal          Game
Nadal wins SinglesGame

Federer        2
Nadal          3
SinglesGame starts
Nadal serves and wins
Federer        00
Nadal          15
Nadal serves and wins
Federer        00
Nadal          30
Nadal serves and loses
Federer        15
Nadal          30
Nadal serves and loses
Federer        30
Nadal          30
Nadal serves and loses
Federer        40
Nadal          30
Nadal serves and loses
Federer        Game
Nadal          30
Federer wins SinglesGame

Federer        3
Nadal          3
SinglesGame starts
Federer serves and wins
Federer        15
Nadal          00
Federer serves and wins
Federer        30
Nadal          00
Federer serves and loses
Federer        30
Nadal          15
Federer serves and wins
Federer        40
Nadal          15
Federer serves and loses
Federer        40
Nadal          30
Federer serves and loses
Federer        40
Nadal          40
Federer serves and wins
Federer        Advantage
Nadal          40
Federer serves and loses
Federer        40
Nadal          40
Federer serves and loses
Federer        40
Nadal          Advantage
Federer serves and wins
Federer        40
Nadal          40
Federer serves and wins
Federer        Advantage
Nadal          40
Federer serves and wins
Federer        Game
Nadal          40
Federer wins SinglesGame

Federer        4
Nadal          3
SinglesGame starts
Nadal serves and wins
Federer        00
Nadal          15
Nadal serves and wins
Federer        00
Nadal          30
Nadal serves and wins
Federer        00
Nadal          40
Nadal serves and loses
Federer        15
Nadal          40
Nadal serves and wins
Federer        15
Nadal          Game
Nadal wins SinglesGame

Federer        4
Nadal          4
SinglesGame starts
Federer serves and loses
Federer        00
Nadal          15
Federer serves and loses
Federer        00
Nadal          30
Federer serves and loses
Federer        00
Nadal          40
Federer serves and loses
Federer        00
Nadal          Game
Nadal wins SinglesGame

Federer        4
Nadal          5
SinglesGame starts
Nadal serves and loses
Federer        15
Nadal          00
Nadal serves and wins
Federer        15
Nadal          15
Nadal serves and loses
Federer        30
Nadal          15
Nadal serves and loses
Federer        40
Nadal          15
Nadal serves and loses
Federer        Game
Nadal          15
Federer wins SinglesGame

Federer        5
Nadal          5
SinglesGame starts
Federer serves and loses
Federer        00
Nadal          15
Federer serves and loses
Federer        00
Nadal          30
Federer serves and loses
Federer        00
Nadal          40
Federer serves and wins
Federer        15
Nadal          40
Federer serves and wins
Federer        30
Nadal          40
Federer serves and loses
Federer        30
Nadal          Game
Nadal wins SinglesGame

Federer        5
Nadal          6
SinglesGame starts
Nadal serves and wins
Federer        00
Nadal          15
Nadal serves and loses
Federer        15
Nadal          15
Nadal serves and loses
Federer        30
Nadal          15
Nadal serves and wins
Federer        30
Nadal          30
Nadal serves and loses
Federer        40
Nadal          30
Nadal serves and wins
Federer        40
Nadal          40
Nadal serves and loses
Federer        Advantage
Nadal          40
Nadal serves and wins
Federer        40
Nadal          40
Nadal serves and loses
Federer        Advantage
Nadal          40
Nadal serves and wins
Federer        40
Nadal          40
Nadal serves and loses
Federer        Advantage
Nadal          40
Nadal serves and loses
Federer        Game
Nadal          40
Federer wins SinglesGame

Federer        6
Nadal          6
SinglesGame starts
Federer serves and wins
Federer        15
Nadal          00
Federer serves and loses
Federer        15
Nadal          15
Federer serves and wins
Federer        30
Nadal          15
Federer serves and loses
Federer        30
Nadal          30
Federer serves and wins
Federer        40
Nadal          30
Federer serves and loses
Federer        40
Nadal          40
Federer serves and wins
Federer        Advantage
Nadal          40
Federer serves and wins
Federer        Game
Nadal          40
Federer wins SinglesGame

Federer        7
Nadal          6
SinglesGame starts
Nadal serves and loses
Federer        15
Nadal          00
Nadal serves and wins
Federer        15
Nadal          15
Nadal serves and wins
Federer        15
Nadal          30
Nadal serves and loses
Federer        30
Nadal          30
Nadal serves and loses
Federer        40
Nadal          30
Nadal serves and wins
Federer        40
Nadal          40
Nadal serves and wins
Federer        40
Nadal          Advantage
Nadal serves and wins
Federer        40
Nadal          Game
Nadal wins SinglesGame

Federer        7
Nadal          7
SinglesGame starts
Federer serves and wins
Federer        15
Nadal          00
Federer serves and wins
Federer        30
Nadal          00
Federer serves and loses
Federer        30
Nadal          15
Federer serves and wins
Federer        40
Nadal          15
Federer serves and loses
Federer        40
Nadal          30
Federer serves and wins
Federer        Game
Nadal          30
Federer wins SinglesGame

Federer        8
Nadal          7
SinglesGame starts
Nadal serves and loses
Federer        15
Nadal          00
Nadal serves and loses
Federer        30
Nadal          00
Nadal serves and wins
Federer        30
Nadal          15
Nadal serves and loses
Federer        40
Nadal          15
Nadal serves and wins
Federer        40
Nadal          30
Nadal serves and loses
Federer        Game
Nadal          30
Federer wins SinglesGame

Federer        9
Nadal          7
Federer wins AdvantageSet

