Federer serves and loses
Federer serves and wins
Federer serves and wins
Federer serves and loses