SinglesGame starts
Federer serves and loses
Federer        00
Nadal          15
Federer serves and wins
Federer        15
Nadal          15
Federer serves and wins
Federer        30
Nadal          15
Federer serves and loses
Federer        30
Nadal          30
Federer serves and loses
Federer        30
Nadal          40
Federer serves and loses
Federer        30
Nadal          Game
Nadal wins SinglesGame

SinglesGame starts
Federer serves and wins
Federer        15
Nadal          00
Federer serves and loses
Federer        15
Nadal          15
Federer serves and wins
Federer        30
Nadal          15
Federer serves and loses
Federer        30
Nadal          30
Federer serves and wins
Federer        40
Nadal          30
Federer serves and loses
Federer        40
Nadal          40
Federer serves and loses
Federer        40
Nadal          Advantage
Federer serves and wins
Federer        40
Nadal          40
Federer serves and loses
Federer        40
Nadal          Advantage
Federer serves and loses
Federer        40
Nadal          Game
Nadal wins SinglesGame

SinglesGame starts
Federer serves and wins
Federer        15
Nadal          00
Federer serves and wins
Federer        30
Nadal          00
Federer serves and loses
Federer        30
Nadal          15
Federer serves and loses
Federer        30
Nadal          30
Federer serves and wins
Federer        40
Nadal          30
Federer serves and loses
Federer        40
Nadal          40
Federer serves and loses
Federer        40
Nadal          Advantage
Federer serves and loses
Federer        40
Nadal          Game
Nadal wins SinglesGame

SinglesGame starts
Federer serves and wins
Federer        15
Nadal          00
Federer serves and wins
Federer        30
Nadal          00
Federer serves and loses
Federer        30
Nadal          15
Federer serves and wins
Federer        40
Nadal          15
Federer serves and loses
Federer        40
Nadal          30
Federer serves and loses
Federer        40
Nadal          40
Federer serves and loses
Federer        40
Nadal          Advantage
Federer serves and wins
Federer        40
Nadal          40
Federer serves and wins
Federer        Advantage
Nadal          40
Federer serves and loses
Federer        40
Nadal          40
Federer serves and wins
Federer        Advantage
Nadal          40
Federer serves and wins
Federer        Game
Nadal          40
Federer wins SinglesGame

