TieBreakGame starts
Federer serves and wins
Federer        1
Nadal          0
Nadal serves and loses
Federer        2
Nadal          0
Nadal serves and wins
Federer        2
Nadal          1
Federer serves and loses
Federer        2
Nadal          2
Federer serves and wins
Federer        3
Nadal          2
Nadal serves and wins
Federer        3
Nadal          3
Nadal serves and wins
Federer        3
Nadal          4
Federer serves and loses
Federer        3
Nadal          5
Federer serves and loses
Federer        3
Nadal          6
Nadal serves and wins
Federer        3
Nadal          7
Nadal wins TieBreakGame

TieBreakGame starts
Federer serves and wins
Federer        1
Nadal          0
Nadal serves and wins
Federer        1
Nadal          1
Nadal serves and loses
Federer        2
Nadal          1
Federer serves and loses
Federer        2
Nadal          2
Federer serves and wins
Federer        3
Nadal          2
Nadal serves and wins
Federer        3
Nadal          3
Nadal serves and wins
Federer        3
Nadal          4
Federer serves and loses
Federer        3
Nadal          5
Federer serves and wins
Federer        4
Nadal          5
Nadal serves and loses
Federer        5
Nadal          5
Nadal serves and loses
Federer        6
Nadal          5
Federer serves and wins
Federer        7
Nadal          5
Federer wins TieBreakGame

TieBreakGame starts
Federer serves and loses
Federer        0
Nadal          1
Nadal serves and loses
Federer        1
Nadal          1
Nadal serves and loses
Federer        2
Nadal          1
Federer serves and loses
Federer        2
Nadal          2
Federer serves and loses
Federer        2
Nadal          3
Nadal serves and wins
Federer        2
Nadal          4
Nadal serves and loses
Federer        3
Nadal          4
Federer serves and wins
Federer        4
Nadal          4
Federer serves and wins
Federer        5
Nadal          4
Nadal serves and wins
Federer        5
Nadal          5
Nadal serves and wins
Federer        5
Nadal          6
Federer serves and wins
Federer        6
Nadal          6
Federer serves and loses
Federer        6
Nadal          7
Nadal serves and wins
Federer        6
Nadal          8
Nadal wins TieBreakGame

TieBreakGame starts
Federer serves and wins
Federer        1
Nadal          0
Nadal serves and wins
Federer        1
Nadal          1
Nadal serves and loses
Federer        2
Nadal          1
Federer serves and wins
Federer        3
Nadal          1
Federer serves and wins
Federer        4
Nadal          1
Nadal serves and loses
Federer        5
Nadal          1
Nadal serves and wins
Federer        5
Nadal          2
Federer serves and loses
Federer        5
Nadal          3
Federer serves and loses
Federer        5
Nadal          4
Nadal serves and loses
Federer        6
Nadal          4
Nadal serves and wins
Federer        6
Nadal          5
Federer serves and loses
Federer        6
Nadal          6
Federer serves and loses
Federer        6
Nadal          7
Nadal serves and loses
Federer        7
Nadal          7
Nadal serves and loses
Federer        8
Nadal          7
Federer serves and loses
Federer        8
Nadal          8
Federer serves and wins
Federer        9
Nadal          8
Nadal serves and loses
Federer        10
Nadal          8
Federer wins TieBreakGame

